// Jest Snapshot v1, https://goo.gl/fbAQLP

exports[`should render ExpenseListItem correctly 1`] = `
<[object Object]
  className="list-item"
  to="/edit/1"
>
  <div>
    <h3
      classNmae="list-item__title"
    >
      Gum
    </h3>
    <span
      classNmae="list-item__sub-title"
    >
      1970, January 1st
    </span>
  </div>
  <h3>
    $1.95
  </h3>
</[object Object]>
`;
